// Jest Snapshot v1, https://goo.gl/fbAQLP

exports[`<MapPanel> Should render without crashing 1`] = `
<div>
  <withScriptjs(withGoogleMap(Component))
    containerElement={
      <div
        className="MapPanel"
      />
    }
    googleMapURL="https://maps.googleapis.com/maps/api/js?key=undefined&v=3.exp&libraries=geometry,drawing,places"
    loadingElement={
      <div
        style={
          Object {
            "height": "100px",
          }
        }
      />
    }
    mapElement={
      <div
        style={
          Object {
            "height": "100%",
          }
        }
      />
    }
    onMapClick={[Function]}
  />
</div>
`;
